// Jest Snapshot v1, https://goo.gl/fbAQLP

exports[`Pruebas sobre el componente <TodoItem /> Debe mostrarse correctamente <TodoItem /> 1`] = `
<li
  className="list-group-item"
  key="1"
>
  <p
    className="p-todo false"
    onClick={[Function]}
  >
    1
     
    Aprender React
  </p>
  <button
    className="btn btn-danger"
    onClick={[Function]}
  >
    Eliminar
  </button>
</li>
`;
