// Jest Snapshot v1, https://goo.gl/fbAQLP

exports[`Pruebas sobre <TodoAdd /> debe mostrar el componente <TodoAdd /> 1`] = `
<Fragment>
  <h4>
    agregar TODO
  </h4>
  <form
    onSubmit={[Function]}
  >
    <div
      className="mb-3"
    >
      <label
        className="form-label"
        htmlFor="description"
      >
        descripci√≥n de la tarea
      </label>
      <input
        autoComplete="off"
        className="form-control"
        id="description"
        name="description"
        onChange={[Function]}
        type="text"
        value=""
      />
    </div>
    <div
      className="d-grid gap-2"
    >
      <button
        className="btn btn-primary"
        type="submit"
      >
        Submit
      </button>
    </div>
  </form>
</Fragment>
`;
