// Jest Snapshot v1, https://goo.gl/fbAQLP

exports[`Pruebas sobre <TodoApp /> Debe renderizar <TodoApp /> 1`] = `
<Fragment>
  <h3>
    TodoApp (
    0
    )
  </h3>
  <div
    className="row"
  >
    <div
      className="col-7"
    >
      <TodoList
        handleDelete={[Function]}
        handleToggle={[Function]}
        todos={Array []}
      />
    </div>
    <div
      className="col-5"
    >
      <TodoAdd
        handleAddTodo={[Function]}
      />
    </div>
  </div>
</Fragment>
`;
